CGAddMouseToGear.cpp
CGBloodDrain.cpp
CGChangeGearSlot.cpp
CGConnect.cpp
CGFriendReqToDel.cpp
CGFriendResToAdd.cpp
CGGlobalChat.cpp
CGGuildChat.cpp
CGModifyNickname.cpp
CGSMSSend.cpp
CGSelectWeekItem.cpp
CGTypeStringList.cpp
CLCreatePC.cpp
CLDeletePC.cpp
CLLogin.cpp
CLRegisterPlayer.cpp
CLSelectPC.cpp
GCAddBat.cpp
GCAddItemToInventory.cpp
GCAddItemToZone.cpp
GCBloodBibleList.cpp
GCCannotAdd.cpp
GCChangeGearSlot.cpp
GCChangeInventoryItemNum.cpp
GCChangeWeather.cpp
GCCreateItem.cpp
GCFlagWarStatus.cpp
GCFriendList.cpp
GCFriendReqToAdd.cpp
GCFriendReqToDel.cpp
GCFriendResToAdd.cpp
GCFriendUpdateConnect.cpp
GCFriendUpdateZone.cpp
GCFriendWaitList.cpp
GCGQuestInventory.cpp
GCGlobalChat.cpp
GCGoodsList.cpp
GCInstanceDoungeonResult.cpp
GCMineExplosionOK1.cpp
GCMineExplosionOK2.cpp
GCMiniGameScores.cpp
GCMonsterKillQuestInfo.cpp
GCNPCAsk.cpp
GCNPCAskDynamic.cpp
GCNPCAskVariable.cpp
GCPetInfo.cpp
GCPetStashList.cpp
GCRankBonusInfo.cpp
GCRegenZoneStatus.cpp
GCRemoveEffect.cpp
GCRequestFailed.cpp
GCSelectQuestID.cpp
GCShopList.cpp
GCShopListMysterious.cpp
GCShowMessageBox.cpp
GCShowWaitGuildInfo.cpp
GCSkillInfo.cpp
GCSkillToTileOK1.cpp
GCSkillToTileOK2.cpp
GCSkillToTileOK3.cpp
GCSkillToTileOK4.cpp
GCSkillToTileOK5.cpp
GCSkillToTileOK6.cpp
GCStashList.cpp
GCThrowBombOK1.cpp
GCThrowBombOK2.cpp
GCThrowBombOK3.cpp
GCTimeLimitItemInfo.cpp
GCTradeAddItem.cpp
GCUpdateInfo.cpp
GCUpdateWeekItemList.cpp
GCWarScheduleList.cpp
LCPCList.cpp
LCSelectWorldError.cpp
